../ethernet/Src/enc28j60.c:34:5:enc_setup_basic	16	static
../ethernet/Src/enc28j60.c:54:13:set_erxnd	16	static
../ethernet/Src/enc28j60.c:70:9:enc_bist	16	static
../ethernet/Src/enc28j60.c:104:9:enc_bist_manual	280	static
../ethernet/Src/enc28j60.c:145:16:command	24	static
../ethernet/Src/enc28j60.c:157:16:command_with_dummyByte	24	static
../ethernet/Src/enc28j60.c:174:13:select_page	24	static
../ethernet/Src/enc28j60.c:184:13:ensure_register_accessible	16	static
../ethernet/Src/enc28j60.c:195:9:enc_RCR	16	static
../ethernet/Src/enc28j60.c:201:9:enc_RCR_MAC	16	static
../ethernet/Src/enc28j60.c:207:6:enc_WCR	16	static
../ethernet/Src/enc28j60.c:212:6:enc_BFS	16	static
../ethernet/Src/enc28j60.c:217:6:enc_BFC	16	static
../ethernet/Src/enc28j60.c:223:6:enc_RBM	24	static
../ethernet/Src/enc28j60.c:236:13:WBM_raw	24	static
../ethernet/Src/enc28j60.c:248:6:enc_WBM	24	static
../ethernet/Src/enc28j60.c:261:10:enc_RCR16	24	static
../ethernet/Src/enc28j60.c:267:6:enc_WCR16	16	static
../ethernet/Src/enc28j60.c:273:6:enc_SRC	16	static
../ethernet/Src/enc28j60.c:280:5:enc_wait	24	static
../ethernet/Src/enc28j60.c:291:10:enc_MII_read	24	static
../ethernet/Src/enc28j60.c:308:6:enc_MII_write	16	static
../ethernet/Src/enc28j60.c:317:6:enc_LED_set	24	static
../ethernet/Src/enc28j60.c:327:6:enc_ethernet_setup	48	static
../ethernet/Src/enc28j60.c:392:6:transmit_start	24	static
../ethernet/Src/enc28j60.c:404:6:transmit_partial	24	static
../ethernet/Src/enc28j60.c:409:6:transmit_end	56	static
../ethernet/Src/enc28j60.c:440:6:enc_transmit	24	static
../ethernet/Src/enc28j60.c:452:6:enc_transmit_pbuf	24	static
../ethernet/Src/enc28j60.c:469:6:receive_start	24	static
../ethernet/Src/enc28j60.c:475:6:receive_end	40	static
../ethernet/Src/enc28j60.c:501:10:enc_read_received	40	static
../ethernet/Src/enc28j60.c:527:5:enc_read_received_pbuf	32	static
