../Core/Src/ip_arp_udp_tcp.c:137:10:checksum	24	static
../Core/Src/ip_arp_udp_tcp.c:182:6:init_ip_arp_udp_tcp	32	static
../Core/Src/ip_arp_udp_tcp.c:199:9:check_ip_message_is_from	24	static
../Core/Src/ip_arp_udp_tcp.c:211:9:eth_type_is_arp_and_my_ip	24	static
../Core/Src/ip_arp_udp_tcp.c:230:9:eth_type_is_ip_and_my_ip	24	static
../Core/Src/ip_arp_udp_tcp.c:254:6:make_eth	24	static
../Core/Src/ip_arp_udp_tcp.c:267:6:make_eth_ip_new	24	static
../Core/Src/ip_arp_udp_tcp.c:283:6:fill_ip_hdr_checksum	24	static
../Core/Src/ip_arp_udp_tcp.c:299:9:eth_type_is_arp_reply	16	static
../Core/Src/ip_arp_udp_tcp.c:304:9:eth_type_is_arp_req	16	static
../Core/Src/ip_arp_udp_tcp.c:314:6:make_ip_tcp_new	32	static
../Core/Src/ip_arp_udp_tcp.c:353:6:make_ip	24	static
../Core/Src/ip_arp_udp_tcp.c:365:6:step_seq	24	static
../Core/Src/ip_arp_udp_tcp.c:395:6:make_tcphead	24	static
../Core/Src/ip_arp_udp_tcp.c:418:6:make_arp_answer_from_request	24	static
../Core/Src/ip_arp_udp_tcp.c:441:6:make_echo_reply_from_request	16	static
../Core/Src/ip_arp_udp_tcp.c:457:6:make_udp_reply_from_request	32	static
../Core/Src/ip_arp_udp_tcp.c:495:6:make_tcp_synack_from_syn	24	static
../Core/Src/ip_arp_udp_tcp.c:540:10:get_tcp_data_len	24	static
../Core/Src/ip_arp_udp_tcp.c:557:11:get_tcp_data_pointer	4	static
../Core/Src/ip_arp_udp_tcp.c:571:6:init_len_info	16	static
../Core/Src/ip_arp_udp_tcp.c:584:10:fill_tcp_data_len	24	static
../Core/Src/ip_arp_udp_tcp.c:601:10:fill_tcp_data	24	static
../Core/Src/ip_arp_udp_tcp.c:608:6:make_tcp_ack_from_any	24	static
../Core/Src/ip_arp_udp_tcp.c:646:6:make_tcp_ack_with_data_noflags	24	static
../Core/Src/ip_arp_udp_tcp.c:672:6:make_tcp_ack_with_data	24	static
../Core/Src/ip_arp_udp_tcp.c:708:6:www_server_reply	16	static
../Core/Src/ip_arp_udp_tcp.c:721:6:fill_buf_p	24	static
../Core/Src/ip_arp_udp_tcp.c:866:6:send_udp_prepare	32	static
../Core/Src/ip_arp_udp_tcp.c:901:6:send_udp_transmit	24	static
../Core/Src/ip_arp_udp_tcp.c:918:6:send_udp	32	static
../Core/Src/ip_arp_udp_tcp.c:1004:6:client_arp_whohas	24	static
../Core/Src/ip_arp_udp_tcp.c:1034:9:client_waiting_gw	4	static
../Core/Src/ip_arp_udp_tcp.c:1045:9:client_store_gw_mac	24	static
../Core/Src/ip_arp_udp_tcp.c:1062:6:client_gw_arp_refresh	4	static
../Core/Src/ip_arp_udp_tcp.c:1080:6:client_set_gwip	24	static
../Core/Src/ip_arp_udp_tcp.c:1091:6:client_tcp_set_serverip	24	static
../Core/Src/ip_arp_udp_tcp.c:1102:6:client_syn	24	static
../Core/Src/ip_arp_udp_tcp.c:1173:10:build_tcp_data	24	static
../Core/Src/ip_arp_udp_tcp.c:1241:6:send_tcp_data	24	static
../Core/Src/ip_arp_udp_tcp.c:1308:9:client_tcp_req	24	static
../Core/Src/ip_arp_udp_tcp.c:1324:10:www_client_internal_datafill_callback	24	static
../Core/Src/ip_arp_udp_tcp.c:1369:9:www_client_internal_result_callback	24	static
../Core/Src/ip_arp_udp_tcp.c:1403:6:client_browse_url	24	static
../Core/Src/ip_arp_udp_tcp.c:1419:6:client_http_post	24	static
../Core/Src/ip_arp_udp_tcp.c:1432:6:register_ping_rec_callback	16	static
../Core/Src/ip_arp_udp_tcp.c:1455:10:packetloop_icmp_tcp	32	static
