../Core/Src/main.c:84:6:mch_net_init	40	static
../Core/Src/main.c:115:6:mch_net_poll	8	static
../Core/Src/main.c:120:10:sys_now	8	static
../Core/Src/main.c:131:5:main	16	static
../Core/Src/main.c:216:6:SystemClock_Config	96	static
../Core/Src/main.c:266:13:MX_QUADSPI_Init	8	static
../Core/Src/main.c:301:13:MX_SPI1_Init	8	static
../Core/Src/main.c:341:13:MX_SPI2_Init	8	static
../Core/Src/main.c:381:13:MX_SPI3_Init	8	static
../Core/Src/main.c:421:13:MX_TIM1_Init	112	static
../Core/Src/main.c:500:13:MX_TIM2_Init	64	static
../Core/Src/main.c:565:13:MX_DMA_Init	16	static
../Core/Src/main.c:593:13:MX_GPIO_Init	48	static
../Core/Src/main.c:670:6:Error_Handler	4	static,ignoring_inline_asm
