../Core/Src/stm32l4xx_it.c:73:6:NMI_Handler	4	static
../Core/Src/stm32l4xx_it.c:88:6:HardFault_Handler	4	static
../Core/Src/stm32l4xx_it.c:103:6:MemManage_Handler	4	static
../Core/Src/stm32l4xx_it.c:118:6:BusFault_Handler	4	static
../Core/Src/stm32l4xx_it.c:133:6:UsageFault_Handler	4	static
../Core/Src/stm32l4xx_it.c:148:6:SVC_Handler	4	static
../Core/Src/stm32l4xx_it.c:161:6:DebugMon_Handler	4	static
../Core/Src/stm32l4xx_it.c:174:6:PendSV_Handler	4	static
../Core/Src/stm32l4xx_it.c:187:6:SysTick_Handler	8	static
../Core/Src/stm32l4xx_it.c:209:6:EXTI2_IRQHandler	8	static
../Core/Src/stm32l4xx_it.c:223:6:DMA1_Channel4_IRQHandler	8	static
../Core/Src/stm32l4xx_it.c:237:6:DMA1_Channel5_IRQHandler	8	static
../Core/Src/stm32l4xx_it.c:251:6:EXTI9_5_IRQHandler	8	static
../Core/Src/stm32l4xx_it.c:266:6:TIM1_UP_TIM16_IRQHandler	8	static
../Core/Src/stm32l4xx_it.c:279:6:DMA2_Channel2_IRQHandler	8	static
../Core/Src/stm32l4xx_it.c:293:6:DMA2_Channel7_IRQHandler	8	static
../Core/Src/stm32l4xx_it.c:307:6:QUADSPI_IRQHandler	8	static
